
AKHIL@LAPTOP-EISFLFFA MINGW64 ~/OneDrive/Desktop/git/First (main)
$ git branch Akhil

AKHIL@LAPTOP-EISFLFFA MINGW64 ~/OneDrive/Desktop/git/First (main)
$ git branch
  Akhil
* main

AKHIL@LAPTOP-EISFLFFA MINGW64 ~/OneDrive/Desktop/git/First (main)
$ git checkout akhil
Switched to branch 'akhil'

AKHIL@LAPTOP-EISFLFFA MINGW64 ~/OneDrive/Desktop/git/First (akhil)
$ dir
README.md  akhil.txt  code.txt  demo.txt  pro.txt

AKHIL@LAPTOP-EISFLFFA MINGW64 ~/OneDrive/Desktop/git/First (akhil)
$ cat akhil.txt
Akhil Pathania
AKHIL@LAPTOP-EISFLFFA MINGW64 ~/OneDrive/Desktop/git/First (akhil)
$ notepad akhil.txt

AKHIL@LAPTOP-EISFLFFA MINGW64 ~/OneDrive/Desktop/git/First (akhil)
$ cat akhil.txt
Akhil Pathania

To check the branching.
And to connect it with remote
AKHIL@LAPTOP-EISFLFFA MINGW64 ~/OneDrive/Desktop/git/First (main)
$ git branch Akhil

AKHIL@LAPTOP-EISFLFFA MINGW64 ~/OneDrive/Desktop/git/First (main)
$ git branch
  Akhil
* main

AKHIL@LAPTOP-EISFLFFA MINGW64 ~/OneDrive/Desktop/git/First (main)
$ git checkout akhil
Switched to branch 'akhil'

AKHIL@LAPTOP-EISFLFFA MINGW64 ~/OneDrive/Desktop/git/First (akhil)
$ dir
README.md  akhil.txt  code.txt  demo.txt  pro.txt

AKHIL@LAPTOP-EISFLFFA MINGW64 ~/OneDrive/Desktop/git/First (akhil)
$ cat akhil.txt
Akhil Pathania
AKHIL@LAPTOP-EISFLFFA MINGW64 ~/OneDrive/Desktop/git/First (akhil)
$ notepad akhil.txt


AKHIL@LAPTOP-EISFLFFA MINGW64 ~/OneDrive/Desktop/git/First (akhil)
$ git status
On branch akhil
Changes not staged for commit:
  (use "git add <file>..." to update what will be committed)
  (use "git restore <file>..." to discard changes in working directory)
        modified:   akhil.txt

no changes added to commit (use "git add" and/or "git commit -a")

AKHIL@LAPTOP-EISFLFFA MINGW64 ~/OneDrive/Desktop/git/First (akhil)
$ git add akhil.txt

AKHIL@LAPTOP-EISFLFFA MINGW64 ~/OneDrive/Desktop/git/First (akhil)
$ git status
On branch akhil
Changes to be committed:
  (use "git restore --staged <file>..." to unstage)
        modified:   akhil.txt


AKHIL@LAPTOP-EISFLFFA MINGW64 ~/OneDrive/Desktop/git/First (akhil)
$ git commit -m " localbranch"
[akhil 65e5275]  localbranch
 1 file changed, 26 insertions(+), 1 deletion(-)

AKHIL@LAPTOP-EISFLFFA MINGW64 ~/OneDrive/Desktop/git/First (akhil)
$ git push origin akhil
Enumerating objects: 5, done.
Counting objects: 100% (5/5), done.
Delta compression using up to 12 threads
Compressing objects: 100% (3/3), done.
Writing objects: 100% (3/3), 485 bytes | 485.00 KiB/s, done.
Total 3 (delta 1), reused 0 (delta 0), pack-reused 0
remote: Resolving deltas: 100% (1/1), completed with 1 local object.
remote:
remote: Create a pull request for 'akhil' on GitHub by visiting:
remote:      https://github.com/akhilpathania21/First/pull/new/akhil
remote:
To https://github.com/akhilpathania21/First.git
 * [new branch]      akhil -> akhil

AKHIL@LAPTOP-EISFLFFA MINGW64 ~/OneDrive/Desktop/git/First (akhil)
$ git checkout mai
error: pathspec 'mai' did not match any file(s) known to git

AKHIL@LAPTOP-EISFLFFA MINGW64 ~/OneDrive/Desktop/git/First (akhil)
$ git checkout main
Switched to branch 'main'
Your branch is up to date with 'origin/main'.

AKHIL@LAPTOP-EISFLFFA MINGW64 ~/OneDrive/Desktop/git/First (main)
$ cat akhil.txt
Akhil Pathania
AKHIL@LAPTOP-EISFLFFA MINGW64 ~/OneDrive/Desktop/git/First (main)
$ git merge akhil
Updating 9d54899..65e5275
Fast-forward
 akhil.txt | 27 ++++++++++++++++++++++++++-
 1 file changed, 26 insertions(+), 1 deletion(-)

AKHIL@LAPTOP-EISFLFFA MINGW64 ~/OneDrive/Desktop/git/First (main)
$ cat akhil.txt
Akhil Pathania

To check the branching.
And to connect it with remote
AKHIL@LAPTOP-EISFLFFA MINGW64 ~/OneDrive/Desktop/git/First (main)
$ git branch Akhil

AKHIL@LAPTOP-EISFLFFA MINGW64 ~/OneDrive/Desktop/git/First (main)
$ git branch
  Akhil
* main

AKHIL@LAPTOP-EISFLFFA MINGW64 ~/OneDrive/Desktop/git/First (main)
$ git checkout akhil
Switched to branch 'akhil'

AKHIL@LAPTOP-EISFLFFA MINGW64 ~/OneDrive/Desktop/git/First (akhil)
$ dir
README.md  akhil.txt  code.txt  demo.txt  pro.txt

AKHIL@LAPTOP-EISFLFFA MINGW64 ~/OneDrive/Desktop/git/First (akhil)
$ cat akhil.txt
Akhil Pathania
AKHIL@LAPTOP-EISFLFFA MINGW64 ~/OneDrive/Desktop/git/First (akhil)
$ notepad akhil.txt


AKHIL@LAPTOP-EISFLFFA MINGW64 ~/OneDrive/Desktop/git/First (main)
$ git push -u origin main
Total 0 (delta 0), reused 0 (delta 0), pack-reused 0
To https://github.com/akhilpathania21/First.git
   9d54899..65e5275  main -> main
branch 'main' set up to track 'origin/main'.

